// Jest Snapshot v1, https://goo.gl/fbAQLP

exports[`Layout test should renders correctly 1`] = `
<DocumentFragment>
  <div
    class="MuiGrid-root makeStyles-root-1 MuiGrid-container"
  />
</DocumentFragment>
`;
